[32mtest[0m v0.0.0

[33mUSAGE:[0m
    test [OPTIONS] <positionals...>
    test [OPTIONS]

[33mOPTIONS:[0m
    [32m--key <value>                      [0mSimple key[36m (default: test)[0m
    [32m--port <value>                     [0mPort the server should listen on[31m (required)[0m
    [32m--verbose, -v, -loud               [0mVerbose flag[36m (accepts multiple)[0m
    [32m--multiline_description <value>    [0mthis is a
                                       multiline description

[33mAuthors: [0mmlvzk, tester
